// Jest Snapshot v1, https://goo.gl/fbAQLP

exports[`Releases test renders the Releases 1`] = `
<ul>
  <li
    key="dsfds"
  >
    <Release
      releaseId="dsfds"
    />
  </li>
</ul>
`;
