// Jest Snapshot v1, https://goo.gl/fbAQLP

exports[`release test renders the release 1`] = `
<Link
  to="/songs/undefined/undefined"
>
  <img
    className="releasesStyles"
    src="undefined"
    width="100px"
  />
</Link>
`;
