// Jest Snapshot v1, https://goo.gl/fbAQLP

exports[`artist test renders the artist 1`] = `
<Link
  to="/releases/undefined/undefined"
/>
`;
